OpenJDK 64-Bit Server VM (24.171-b01) for linux-amd64 JRE (1.7.0_171-b01), built on Mar 15 2018 21:14:49 by "mockbuild" with gcc 4.8.5 20150623 (Red Hat 4.8.5-11)
Memory: 4k page, physical 1011176k(487776k free), swap 0k(0k free)
CommandLine flags: -XX:+CMSClassUnloadingEnabled -XX:+CMSScavengeBeforeRemark -XX:+DisableExplicitGC -XX:InitialHeapSize=134217728 -XX:+ManagementServer -XX:MaxHeapSize=134217728 -XX:MaxNewSize=44740608 -XX:MaxTenuringThreshold=6 -XX:NewSize=44740608 -XX:OldPLABSize=16 -XX:OldSize=89477120 -XX:+PrintGC -XX:+PrintGCDateStamps -XX:+PrintGCDetails -XX:+PrintGCTimeStamps -XX:+UseCompressedOops -XX:+UseConcMarkSweepGC -XX:-UseParNewGC 
2018-05-10T10:23:53.772+0000: 2.660: [GC2018-05-10T10:23:53.772+0000: 2.660: [DefNew: 34944K->4352K(39296K), 0.0317050 secs] 34944K->6865K(126720K), 0.0317650 secs] [Times: user=0.01 sys=0.00, real=0.03 secs] 
2018-05-10T10:24:36.647+0000: 45.535: [GC [1 CMS-initial-mark: 2513K(87424K)] 28644K(126720K), 0.0090730 secs] [Times: user=0.01 sys=0.00, real=0.01 secs] 
2018-05-10T10:24:36.656+0000: 45.545: [CMS-concurrent-mark-start]
2018-05-10T10:24:36.668+0000: 45.557: [CMS-concurrent-mark: 0.012/0.012 secs] [Times: user=0.01 sys=0.00, real=0.01 secs] 
2018-05-10T10:24:36.668+0000: 45.557: [CMS-concurrent-preclean-start]
2018-05-10T10:24:36.673+0000: 45.562: [CMS-concurrent-preclean: 0.004/0.005 secs] [Times: user=0.01 sys=0.00, real=0.00 secs] 
2018-05-10T10:24:36.673+0000: 45.562: [CMS-concurrent-abortable-preclean-start]
 CMS: abort preclean due to time 2018-05-10T10:24:41.709+0000: 50.598: [CMS-concurrent-abortable-preclean: 0.529/5.036 secs] [Times: user=0.55 sys=0.00, real=5.04 secs] 
2018-05-10T10:24:41.709+0000: 50.598: [GC[YG occupancy: 26134 K (39296 K)]2018-05-10T10:24:41.710+0000: 50.598: [GC2018-05-10T10:24:41.710+0000: 50.598: [DefNew: 26134K->2736K(39296K), 0.0152300 secs] 28647K->7020K(126720K), 0.0152770 secs] [Times: user=0.02 sys=0.00, real=0.02 secs] 
2018-05-10T10:24:41.725+0000: 50.613: [Rescan (non-parallel) 2018-05-10T10:24:41.725+0000: 50.613: [grey object rescan, 0.0080320 secs]2018-05-10T10:24:41.733+0000: 50.621: [root rescan, 0.0011370 secs], 0.0091990 secs]2018-05-10T10:24:41.734+0000: 50.623: [weak refs processing, 0.0000160 secs]2018-05-10T10:24:41.734+0000: 50.623: [class unloading, 0.0006810 secs]2018-05-10T10:24:41.735+0000: 50.623: [scrub symbol table, 0.0018650 secs]2018-05-10T10:24:41.737+0000: 50.625: [scrub string table, 0.0001760 secs] [1 CMS-remark: 4284K(87424K)] 7020K(126720K), 0.0273520 secs] [Times: user=0.03 sys=0.00, real=0.03 secs] 
2018-05-10T10:24:41.738+0000: 50.627: [CMS-concurrent-sweep-start]
2018-05-10T10:24:41.742+0000: 50.630: [CMS-concurrent-sweep: 0.004/0.004 secs] [Times: user=0.00 sys=0.00, real=0.00 secs] 
2018-05-10T10:24:41.742+0000: 50.630: [CMS-concurrent-reset-start]
2018-05-10T10:24:41.744+0000: 50.632: [CMS-concurrent-reset: 0.002/0.002 secs] [Times: user=0.00 sys=0.00, real=0.00 secs] 
2018-05-10T10:38:00.078+0000: 848.967: [GC2018-05-10T10:38:00.078+0000: 848.967: [DefNew: 37680K->2124K(39296K), 0.0145420 secs] 41964K->7020K(126720K), 0.0146160 secs] [Times: user=0.02 sys=0.00, real=0.01 secs] 
